// Jest Snapshot v1, https://goo.gl/fbAQLP

exports[`Testing Al Objeto De Cliente El Cliente Es Daniel 1`] = `
Object {
  "balance": 500,
  "nombre": "Daniel Fernando",
  "tipo": "Premium Gold",
}
`;
